// Jest Snapshot v1, https://goo.gl/fbAQLP

exports[`CabecalhoComponent should render the image with the correct alt and src 1`] = `
RodapeComponent {
  "__ngContext__": 4,
  "alt": "Imagem teste",
  "src": "https://example.com/test-image.jpg",
}
`;
